🚀 Bot is running...
Traceback (most recent call last):
  File "/data/data/com.termux/files/home/bot.py", line 35, in <module>
    bot.infinity_polling(skip_pending=True)
    ~~~~~~~~~~~~~~~~~~~~^^^^^^^^^^^^^^^^^^^
  File "/data/data/com.termux/files/usr/lib/python3.13/site-packages/telebot/__init__.py", line 1129, in infinity_polling
    self.__skip_updates()
    ~~~~~~~~~~~~~~~~~~~^^
  File "/data/data/com.termux/files/usr/lib/python3.13/site-packages/telebot/__init__.py", line 675, in __skip_updates
    self.get_updates(offset=-1)
    ~~~~~~~~~~~~~~~~^^^^^^^^^^^
  File "/data/data/com.termux/files/usr/lib/python3.13/site-packages/telebot/__init__.py", line 662, in get_updates
    json_updates = apihelper.get_updates(
        self.token, offset=offset, limit=limit, timeout=timeout, allowed_updates=allowed_updates,
        long_polling_timeout=long_polling_timeout)
  File "/data/data/com.termux/files/usr/lib/python3.13/site-packages/telebot/apihelper.py", line 339, in get_updates
    return _make_request(token, method_url, params=payload)
  File "/data/data/com.termux/files/usr/lib/python3.13/site-packages/telebot/apihelper.py", line 168, in _make_request
    json_result = _check_result(method_name, result)
  File "/data/data/com.termux/files/usr/lib/python3.13/site-packages/telebot/apihelper.py", line 197, in _check_result
    raise ApiTelegramException(method_name, result, result_json)
telebot.apihelper.ApiTelegramException: A request to the Telegram API was unsuccessful. Error code: 409. Description: Conflict: terminated by other getUpdates request; make sure that only one bot instance is running
