0 verbose cli /data/data/com.termux/files/usr/bin/node /data/data/com.termux/files/usr/bin/npm
1 info using npm@11.17.0
2 info using node@v26.3.0
3 silly config load:file:/data/data/com.termux/files/usr/lib/node_modules/npm/npmrc
4 silly config load:file:/data/data/com.termux/files/home/.npmrc
5 silly config load:file:/data/data/com.termux/files/usr/etc/npmrc
6 verbose title npm install pm2
7 verbose argv "install" "--global" "pm2"
8 verbose logfile logs-max:10 dir:/data/data/com.termux/files/home/.npm/_logs/2026-06-14T07_52_32_108Z-
9 verbose logfile /data/data/com.termux/files/home/.npm/_logs/2026-06-14T07_52_32_108Z-debug-0.log
10 silly packumentCache heap:1089470464 maxSize:272367616 maxEntrySize:136183808
11 silly logfile done cleaning log files
12 silly idealTree buildDeps
13 silly fetch manifest pm2@*
14 silly packumentCache full:https://registry.npmjs.org/pm2 cache-miss
15 http fetch GET 200 https://registry.npmjs.org/pm2 1533ms (cache miss)
16 silly packumentCache full:https://registry.npmjs.org/pm2 set size:undefined disposed:false
17 silly placeDep ROOT pm2@7.0.1 OK for:  want: *
18 silly fetch manifest @pm2/js-api@0.8.0
19 silly packumentCache full:https://registry.npmjs.org/@pm2%2fjs-api cache-miss
20 silly fetch manifest @pm2/pm2-version-check@1.0.4
21 silly packumentCache full:https://registry.npmjs.org/@pm2%2fpm2-version-check cache-miss
22 silly fetch manifest amp@0.3.1
23 silly packumentCache full:https://registry.npmjs.org/amp cache-miss
24 silly fetch manifest amp-message@0.1.2
25 silly packumentCache full:https://registry.npmjs.org/amp-message cache-miss
26 silly fetch manifest ansis@4.0.0-node10
27 silly packumentCache full:https://registry.npmjs.org/ansis cache-miss
28 silly fetch manifest async@3.2.6
29 silly packumentCache full:https://registry.npmjs.org/async cache-miss
30 silly fetch manifest @pm2/blessed@0.1.81
31 silly packumentCache full:https://registry.npmjs.org/@pm2%2fblessed cache-miss
32 http fetch GET 200 https://registry.npmjs.org/@pm2%2fjs-api 629ms (cache miss)
33 silly packumentCache full:https://registry.npmjs.org/@pm2%2fjs-api set size:undefined disposed:false
34 silly fetch manifest chokidar@3.6.0
35 silly packumentCache full:https://registry.npmjs.org/chokidar cache-miss
36 http fetch GET 200 https://registry.npmjs.org/npm 2855ms
37 http fetch GET 200 https://registry.npmjs.org/chokidar 622ms (cache miss)
38 silly packumentCache full:https://registry.npmjs.org/chokidar set size:undefined disposed:false
39 silly fetch manifest cli-tableau@2.0.1
40 silly packumentCache full:https://registry.npmjs.org/cli-tableau cache-miss
41 http fetch GET 200 https://registry.npmjs.org/amp 1448ms (cache miss)
42 silly packumentCache full:https://registry.npmjs.org/amp set size:undefined disposed:false
43 silly fetch manifest commander@2.15.1
44 silly packumentCache full:https://registry.npmjs.org/commander cache-miss
45 http fetch GET 200 https://registry.npmjs.org/@pm2%2fpm2-version-check 1477ms (cache miss)
46 silly packumentCache full:https://registry.npmjs.org/@pm2%2fpm2-version-check set size:undefined disposed:false
47 silly fetch manifest croner@4.1.97
48 silly packumentCache full:https://registry.npmjs.org/croner cache-miss
49 http fetch GET 200 https://registry.npmjs.org/cli-tableau 216ms (cache miss)
50 silly packumentCache full:https://registry.npmjs.org/cli-tableau set size:undefined disposed:false
51 silly fetch manifest dayjs@1.11.15
52 silly packumentCache full:https://registry.npmjs.org/dayjs cache-miss
53 http fetch GET 200 https://registry.npmjs.org/amp-message 2098ms (cache miss)
54 silly packumentCache full:https://registry.npmjs.org/amp-message set size:undefined disposed:false
55 silly fetch manifest debug@4.4.3
56 silly packumentCache full:https://registry.npmjs.org/debug cache-miss
57 http fetch GET 200 https://registry.npmjs.org/@pm2%2fblessed 2445ms (cache miss)
58 silly packumentCache full:https://registry.npmjs.org/@pm2%2fblessed set size:undefined disposed:false
59 silly fetch manifest eventemitter2@6.4.9
60 silly packumentCache full:https://registry.npmjs.org/eventemitter2 cache-miss
61 http fetch GET 200 https://registry.npmjs.org/commander 1416ms (cache miss)
62 silly packumentCache full:https://registry.npmjs.org/commander set size:undefined disposed:false
63 silly fetch manifest fast-json-patch@3.1.1
64 silly packumentCache full:https://registry.npmjs.org/fast-json-patch cache-miss
65 http fetch GET 200 https://registry.npmjs.org/async 2903ms (cache miss)
66 silly packumentCache full:https://registry.npmjs.org/async set size:undefined disposed:false
67 silly fetch manifest pidusage@4.0.1
68 silly packumentCache full:https://registry.npmjs.org/pidusage cache-miss
69 http fetch GET 200 https://registry.npmjs.org/ansis 2945ms (cache miss)
70 silly packumentCache full:https://registry.npmjs.org/ansis set size:undefined disposed:false
71 silly fetch manifest pm2-deploy@1.0.2
72 silly packumentCache full:https://registry.npmjs.org/pm2-deploy cache-miss
73 http fetch GET 200 https://registry.npmjs.org/debug 1419ms (cache miss)
74 silly packumentCache full:https://registry.npmjs.org/debug set size:undefined disposed:false
75 silly fetch manifest proxy-agent@6.5.0
76 silly packumentCache full:https://registry.npmjs.org/proxy-agent cache-miss
77 http fetch GET 200 https://registry.npmjs.org/eventemitter2 1230ms (cache miss)
78 silly packumentCache full:https://registry.npmjs.org/eventemitter2 set size:undefined disposed:false
79 silly fetch manifest semver@7.7.2
80 silly packumentCache full:https://registry.npmjs.org/semver cache-miss
81 http fetch GET 200 https://registry.npmjs.org/croner 2249ms (cache miss)
82 silly packumentCache full:https://registry.npmjs.org/croner set size:undefined disposed:false
83 silly fetch manifest vizion@2.2.1
84 silly packumentCache full:https://registry.npmjs.org/vizion cache-miss
85 http fetch GET 200 https://registry.npmjs.org/dayjs 2270ms (cache miss)
86 silly packumentCache full:https://registry.npmjs.org/dayjs set size:undefined disposed:false
87 silly fetch manifest ws@8.20.0
88 silly packumentCache full:https://registry.npmjs.org/ws cache-miss
89 http fetch GET 200 https://registry.npmjs.org/pidusage 970ms (cache miss)
90 silly packumentCache full:https://registry.npmjs.org/pidusage set size:undefined disposed:false
91 silly fetch manifest js-yaml@4.1.1
92 silly packumentCache full:https://registry.npmjs.org/js-yaml cache-miss
93 http fetch GET 200 https://registry.npmjs.org/pm2-deploy 1035ms (cache miss)
94 silly packumentCache full:https://registry.npmjs.org/pm2-deploy set size:undefined disposed:false
95 silly fetch manifest pm2-sysmonit@^1.2.8
96 silly packumentCache full:https://registry.npmjs.org/pm2-sysmonit cache-miss
97 http fetch GET 200 https://registry.npmjs.org/fast-json-patch 1141ms (cache miss)
98 silly packumentCache full:https://registry.npmjs.org/fast-json-patch set size:undefined disposed:false
99 http fetch GET 200 https://registry.npmjs.org/proxy-agent 564ms (cache miss)
100 silly packumentCache full:https://registry.npmjs.org/proxy-agent set size:undefined disposed:false
101 http fetch GET 200 https://registry.npmjs.org/semver 679ms (cache miss)
102 silly packumentCache full:https://registry.npmjs.org/semver set size:undefined disposed:false
103 http fetch GET 200 https://registry.npmjs.org/vizion 659ms (cache miss)
104 silly packumentCache full:https://registry.npmjs.org/vizion set size:undefined disposed:false
105 http fetch GET 200 https://registry.npmjs.org/pm2-sysmonit 804ms (cache miss)
106 silly packumentCache full:https://registry.npmjs.org/pm2-sysmonit set size:undefined disposed:false
107 http fetch GET 200 https://registry.npmjs.org/js-yaml 1023ms (cache miss)
108 silly packumentCache full:https://registry.npmjs.org/js-yaml set size:undefined disposed:false
109 http fetch GET 200 https://registry.npmjs.org/ws 1203ms (cache miss)
110 silly packumentCache full:https://registry.npmjs.org/ws set size:undefined disposed:false
111 silly fetch manifest bufferutil@^4.0.1
112 silly packumentCache full:https://registry.npmjs.org/bufferutil cache-miss
113 http fetch GET 200 https://registry.npmjs.org/bufferutil 212ms (cache miss)
114 silly packumentCache full:https://registry.npmjs.org/bufferutil set size:undefined disposed:false
115 silly fetch manifest utf-8-validate@>=5.0.2
116 silly packumentCache full:https://registry.npmjs.org/utf-8-validate cache-miss
117 http fetch GET 200 https://registry.npmjs.org/utf-8-validate 252ms (cache miss)
118 silly packumentCache full:https://registry.npmjs.org/utf-8-validate set size:undefined disposed:false
119 silly placeDep node_modules/pm2 @pm2/blessed@0.1.81 OK for: pm2@7.0.1 want: 0.1.81
120 silly placeDep node_modules/pm2 @pm2/js-api@0.8.0 OK for: pm2@7.0.1 want: 0.8.0
121 silly placeDep node_modules/pm2 @pm2/pm2-version-check@1.0.4 OK for: pm2@7.0.1 want: 1.0.4
122 silly placeDep node_modules/pm2 amp@0.3.1 OK for: pm2@7.0.1 want: 0.3.1
123 silly placeDep node_modules/pm2 amp-message@0.1.2 OK for: pm2@7.0.1 want: 0.1.2
124 silly placeDep node_modules/pm2 ansis@4.0.0-node10 OK for: pm2@7.0.1 want: 4.0.0-node10
125 silly placeDep node_modules/pm2 async@3.2.6 OK for: pm2@7.0.1 want: 3.2.6
126 silly placeDep node_modules/pm2 chokidar@3.6.0 OK for: pm2@7.0.1 want: 3.6.0
127 silly placeDep node_modules/pm2 cli-tableau@2.0.1 OK for: pm2@7.0.1 want: 2.0.1
128 silly placeDep node_modules/pm2 commander@2.15.1 OK for: pm2@7.0.1 want: 2.15.1
129 silly placeDep node_modules/pm2 croner@4.1.97 OK for: pm2@7.0.1 want: 4.1.97
130 silly placeDep node_modules/pm2 dayjs@1.11.15 OK for: pm2@7.0.1 want: 1.11.15
131 silly placeDep node_modules/pm2 debug@4.4.3 OK for: pm2@7.0.1 want: 4.4.3
132 silly placeDep node_modules/pm2 eventemitter2@6.4.9 OK for: pm2@7.0.1 want: 6.4.9
133 silly placeDep node_modules/pm2 fast-json-patch@3.1.1 OK for: pm2@7.0.1 want: 3.1.1
134 silly placeDep node_modules/pm2 js-yaml@4.1.1 OK for: pm2@7.0.1 want: 4.1.1
135 silly placeDep node_modules/pm2 pidusage@4.0.1 OK for: pm2@7.0.1 want: 4.0.1
136 silly placeDep node_modules/pm2 pm2-deploy@1.0.2 OK for: pm2@7.0.1 want: 1.0.2
137 silly placeDep node_modules/pm2 pm2-sysmonit@1.2.8 OK for: pm2@7.0.1 want: ^1.2.8
138 silly placeDep node_modules/pm2 proxy-agent@6.5.0 OK for: pm2@7.0.1 want: 6.5.0
139 silly placeDep node_modules/pm2 semver@7.7.2 OK for: pm2@7.0.1 want: 7.7.2
140 silly placeDep node_modules/pm2 vizion@2.2.1 OK for: pm2@7.0.1 want: 2.2.1
141 silly placeDep node_modules/pm2 ws@8.20.0 OK for: pm2@7.0.1 want: 8.20.0
142 silly fetch manifest async@^2.6.3
143 silly packumentCache full:https://registry.npmjs.org/async cache-miss
144 silly fetch manifest extrareqp2@^1.0.0
145 silly packumentCache full:https://registry.npmjs.org/extrareqp2 cache-miss
146 silly fetch manifest debug@~4.3.1
147 silly packumentCache full:https://registry.npmjs.org/debug cache-miss
148 silly fetch manifest eventemitter2@^6.3.1
149 silly packumentCache full:https://registry.npmjs.org/eventemitter2 cache-miss
150 silly fetch manifest ws@^7.0.0
151 silly packumentCache full:https://registry.npmjs.org/ws cache-miss
152 silly fetch manifest debug@^4.3.1
153 silly packumentCache full:https://registry.npmjs.org/debug cache-miss
154 silly fetch manifest braces@~3.0.2
155 silly packumentCache full:https://registry.npmjs.org/braces cache-miss
156 http cache https://registry.npmjs.org/async 70ms (cache hit)
157 silly packumentCache full:https://registry.npmjs.org/async set size:230496 disposed:false
158 silly fetch manifest is-glob@~4.0.1
159 silly packumentCache full:https://registry.npmjs.org/is-glob cache-miss
160 http cache https://registry.npmjs.org/eventemitter2 101ms (cache hit)
161 silly packumentCache full:https://registry.npmjs.org/eventemitter2 set size:172525 disposed:false
162 silly fetch manifest anymatch@~3.1.2
163 silly packumentCache full:https://registry.npmjs.org/anymatch cache-miss
164 http cache https://registry.npmjs.org/debug 114ms (cache hit)
165 silly packumentCache full:https://registry.npmjs.org/debug set size:195840 disposed:false
166 silly fetch manifest readdirp@~3.6.0
167 silly packumentCache full:https://registry.npmjs.org/readdirp cache-miss
168 http cache https://registry.npmjs.org/ws 140ms (cache hit)
169 silly packumentCache full:https://registry.npmjs.org/ws set size:427091 disposed:false
170 silly fetch manifest glob-parent@~5.1.2
171 silly packumentCache full:https://registry.npmjs.org/glob-parent cache-miss
172 http cache https://registry.npmjs.org/debug 175ms (cache hit)
173 silly packumentCache full:https://registry.npmjs.org/debug set size:195840 disposed:false
174 silly packumentCache full:https://registry.npmjs.org/debug dispose
175 silly fetch manifest is-binary-path@~2.1.0
176 silly packumentCache full:https://registry.npmjs.org/is-binary-path cache-miss
177 http fetch GET 200 https://registry.npmjs.org/extrareqp2 387ms (cache miss)
178 silly packumentCache full:https://registry.npmjs.org/extrareqp2 set size:undefined disposed:false
179 silly fetch manifest normalize-path@~3.0.0
180 silly packumentCache full:https://registry.npmjs.org/normalize-path cache-miss
181 http fetch GET 200 https://registry.npmjs.org/braces 394ms (cache miss)
182 silly packumentCache full:https://registry.npmjs.org/braces set size:undefined disposed:false
183 silly fetch manifest fsevents@~2.3.2
184 silly packumentCache full:https://registry.npmjs.org/fsevents cache-miss
185 http fetch GET 200 https://registry.npmjs.org/is-glob 369ms (cache miss)
186 silly packumentCache full:https://registry.npmjs.org/is-glob set size:undefined disposed:false
187 silly fetch manifest chalk@3.0.0
188 silly packumentCache full:https://registry.npmjs.org/chalk cache-miss
189 http fetch GET 200 https://registry.npmjs.org/anymatch 426ms (cache miss)
190 silly packumentCache full:https://registry.npmjs.org/anymatch set size:undefined disposed:false
191 silly fetch manifest ms@^2.1.3
192 silly packumentCache full:https://registry.npmjs.org/ms cache-miss
193 http fetch GET 200 https://registry.npmjs.org/glob-parent 378ms (cache miss)
194 silly packumentCache full:https://registry.npmjs.org/glob-parent set size:undefined disposed:false
195 silly fetch manifest argparse@^2.0.1
196 silly packumentCache full:https://registry.npmjs.org/argparse cache-miss
197 http fetch GET 200 https://registry.npmjs.org/is-binary-path 375ms (cache miss)
198 silly packumentCache full:https://registry.npmjs.org/is-binary-path set size:undefined disposed:false
199 silly fetch manifest safe-buffer@^5.2.1
200 silly packumentCache full:https://registry.npmjs.org/safe-buffer cache-miss
201 http fetch GET 200 https://registry.npmjs.org/readdirp 462ms (cache miss)
202 silly packumentCache full:https://registry.npmjs.org/readdirp set size:undefined disposed:false
203 silly fetch manifest tv4@^1.3.0
204 silly packumentCache full:https://registry.npmjs.org/tv4 cache-miss
205 http fetch GET 200 https://registry.npmjs.org/normalize-path 271ms (cache miss)
206 silly packumentCache full:https://registry.npmjs.org/normalize-path set size:undefined disposed:false
207 silly fetch manifest run-series@^1.1.8
208 silly packumentCache full:https://registry.npmjs.org/run-series cache-miss
209 http fetch GET 200 https://registry.npmjs.org/chalk 418ms (cache miss)
210 silly packumentCache full:https://registry.npmjs.org/chalk set size:undefined disposed:false
211 silly fetch manifest pidusage@^2.0.21
212 silly packumentCache full:https://registry.npmjs.org/pidusage cache-miss
213 http cache https://registry.npmjs.org/pidusage 16ms (cache hit)
214 silly packumentCache full:https://registry.npmjs.org/pidusage set size:110982 disposed:false
215 silly fetch manifest systeminformation@^5.7
216 silly packumentCache full:https://registry.npmjs.org/systeminformation cache-miss
217 http fetch GET 200 https://registry.npmjs.org/fsevents 531ms (cache miss)
218 silly packumentCache full:https://registry.npmjs.org/fsevents set size:undefined disposed:false
219 silly fetch manifest tx2@~1.0.4
220 silly packumentCache full:https://registry.npmjs.org/tx2 cache-miss
221 http fetch GET 200 https://registry.npmjs.org/argparse 454ms (cache miss)
222 silly packumentCache full:https://registry.npmjs.org/argparse set size:undefined disposed:false
223 silly fetch manifest lru-cache@^7.14.1
224 silly packumentCache full:https://registry.npmjs.org/lru-cache cache-miss
225 http fetch GET 200 https://registry.npmjs.org/safe-buffer 514ms (cache miss)
226 silly packumentCache full:https://registry.npmjs.org/safe-buffer set size:undefined disposed:false
227 silly fetch manifest agent-base@^7.1.2
228 silly packumentCache full:https://registry.npmjs.org/agent-base cache-miss
229 http fetch GET 200 https://registry.npmjs.org/ms 599ms (cache miss)
230 silly packumentCache full:https://registry.npmjs.org/ms set size:undefined disposed:false
231 silly fetch manifest proxy-from-env@^1.1.0
232 silly packumentCache full:https://registry.npmjs.org/proxy-from-env cache-miss
233 http fetch GET 200 https://registry.npmjs.org/tv4 565ms (cache miss)
234 silly packumentCache full:https://registry.npmjs.org/tv4 set size:undefined disposed:false
235 silly fetch manifest pac-proxy-agent@^7.1.0
236 silly packumentCache full:https://registry.npmjs.org/pac-proxy-agent cache-miss
237 http fetch GET 200 https://registry.npmjs.org/run-series 566ms (cache miss)
238 silly packumentCache full:https://registry.npmjs.org/run-series set size:undefined disposed:false
239 silly fetch manifest http-proxy-agent@^7.0.1
240 silly packumentCache full:https://registry.npmjs.org/http-proxy-agent cache-miss
241 http fetch GET 200 https://registry.npmjs.org/tx2 292ms (cache miss)
242 silly packumentCache full:https://registry.npmjs.org/tx2 set size:undefined disposed:false
243 silly fetch manifest https-proxy-agent@^7.0.6
244 silly packumentCache full:https://registry.npmjs.org/https-proxy-agent cache-miss
245 http fetch GET 200 https://registry.npmjs.org/agent-base 676ms (cache miss)
246 silly packumentCache full:https://registry.npmjs.org/agent-base set size:undefined disposed:false
247 silly fetch manifest socks-proxy-agent@^8.0.5
248 silly packumentCache full:https://registry.npmjs.org/socks-proxy-agent cache-miss
249 http fetch GET 200 https://registry.npmjs.org/proxy-from-env 791ms (cache miss)
250 silly packumentCache full:https://registry.npmjs.org/proxy-from-env set size:undefined disposed:false
251 silly fetch manifest ini@^1.3.5
252 silly packumentCache full:https://registry.npmjs.org/ini cache-miss
253 http fetch GET 200 https://registry.npmjs.org/pac-proxy-agent 849ms (cache miss)
254 silly packumentCache full:https://registry.npmjs.org/pac-proxy-agent set size:undefined disposed:false
255 silly fetch manifest js-git@^0.7.8
256 silly packumentCache full:https://registry.npmjs.org/js-git cache-miss
257 http fetch GET 200 https://registry.npmjs.org/http-proxy-agent 965ms (cache miss)
258 silly packumentCache full:https://registry.npmjs.org/http-proxy-agent set size:undefined disposed:false
259 silly fetch manifest git-node-fs@^1.0.0
260 silly packumentCache full:https://registry.npmjs.org/git-node-fs cache-miss
261 http fetch GET 200 https://registry.npmjs.org/https-proxy-agent 991ms (cache miss)
262 silly packumentCache full:https://registry.npmjs.org/https-proxy-agent set size:undefined disposed:false
263 http fetch GET 200 https://registry.npmjs.org/lru-cache 1473ms (cache miss)
264 silly packumentCache full:https://registry.npmjs.org/lru-cache set size:undefined disposed:false
265 http fetch GET 200 https://registry.npmjs.org/socks-proxy-agent 877ms (cache miss)
266 silly packumentCache full:https://registry.npmjs.org/socks-proxy-agent set size:undefined disposed:false
267 http fetch GET 200 https://registry.npmjs.org/ini 786ms (cache miss)
268 silly packumentCache full:https://registry.npmjs.org/ini set size:undefined disposed:false
269 http fetch GET 200 https://registry.npmjs.org/js-git 847ms (cache miss)
270 silly packumentCache full:https://registry.npmjs.org/js-git set size:undefined disposed:false
271 http fetch GET 200 https://registry.npmjs.org/git-node-fs 688ms (cache miss)
272 silly packumentCache full:https://registry.npmjs.org/git-node-fs set size:undefined disposed:false
273 http fetch GET 200 https://registry.npmjs.org/systeminformation 3218ms (cache miss)
274 silly packumentCache full:https://registry.npmjs.org/systeminformation set size:undefined disposed:false
275 silly fetch manifest utf-8-validate@^5.0.2
276 silly packumentCache full:https://registry.npmjs.org/utf-8-validate cache-miss
277 http cache https://registry.npmjs.org/utf-8-validate 11ms (cache hit)
278 silly packumentCache full:https://registry.npmjs.org/utf-8-validate set size:77148 disposed:false
279 silly placeDep node_modules/pm2/node_modules/@pm2/js-api async@2.6.4 OK for: @pm2/js-api@0.8.0 want: ^2.6.3
280 silly placeDep node_modules/pm2/node_modules/@pm2/js-api debug@4.3.7 OK for: @pm2/js-api@0.8.0 want: ~4.3.1
281 silly placeDep node_modules/pm2 extrareqp2@1.0.0 OK for: @pm2/js-api@0.8.0 want: ^1.0.0
282 silly placeDep node_modules/pm2/node_modules/@pm2/js-api ws@7.5.11 OK for: @pm2/js-api@0.8.0 want: ^7.0.0
283 silly fetch manifest lodash@^4.17.14
284 silly packumentCache full:https://registry.npmjs.org/lodash cache-miss
285 silly fetch manifest follow-redirects@^1.14.0
286 silly packumentCache full:https://registry.npmjs.org/follow-redirects cache-miss
287 http fetch GET 200 https://registry.npmjs.org/follow-redirects 537ms (cache miss)
288 silly packumentCache full:https://registry.npmjs.org/follow-redirects set size:undefined disposed:false
289 http fetch GET 200 https://registry.npmjs.org/lodash 556ms (cache miss)
290 silly packumentCache full:https://registry.npmjs.org/lodash set size:undefined disposed:false
291 silly placeDep node_modules/pm2 anymatch@3.1.3 OK for: chokidar@3.6.0 want: ~3.1.2
292 silly placeDep node_modules/pm2 braces@3.0.3 OK for: chokidar@3.6.0 want: ~3.0.2
293 silly placeDep node_modules/pm2 fsevents@2.3.3 OK for: chokidar@3.6.0 want: ~2.3.2
294 silly placeDep node_modules/pm2 glob-parent@5.1.2 OK for: chokidar@3.6.0 want: ~5.1.2
295 silly placeDep node_modules/pm2 is-binary-path@2.1.0 OK for: chokidar@3.6.0 want: ~2.1.0
296 silly placeDep node_modules/pm2 is-glob@4.0.3 OK for: chokidar@3.6.0 want: ~4.0.1
297 silly placeDep node_modules/pm2 normalize-path@3.0.0 OK for: chokidar@3.6.0 want: ~3.0.0
298 silly placeDep node_modules/pm2 readdirp@3.6.0 OK for: chokidar@3.6.0 want: ~3.6.0
299 silly fetch manifest picomatch@^2.0.4
300 silly packumentCache full:https://registry.npmjs.org/picomatch cache-miss
301 silly fetch manifest normalize-path@^3.0.0
302 silly packumentCache full:https://registry.npmjs.org/normalize-path cache-miss
303 silly fetch manifest fill-range@^7.1.1
304 silly packumentCache full:https://registry.npmjs.org/fill-range cache-miss
305 silly fetch manifest is-glob@^4.0.1
306 silly packumentCache full:https://registry.npmjs.org/is-glob cache-miss
307 silly fetch manifest binary-extensions@^2.0.0
308 silly packumentCache full:https://registry.npmjs.org/binary-extensions cache-miss
309 silly fetch manifest is-extglob@^2.1.1
310 silly packumentCache full:https://registry.npmjs.org/is-extglob cache-miss
311 silly fetch manifest picomatch@^2.2.1
312 silly packumentCache full:https://registry.npmjs.org/picomatch cache-miss
313 http cache https://registry.npmjs.org/normalize-path 49ms (cache hit)
314 silly packumentCache full:https://registry.npmjs.org/normalize-path set size:28713 disposed:false
315 http cache https://registry.npmjs.org/is-glob 49ms (cache hit)
316 silly packumentCache full:https://registry.npmjs.org/is-glob set size:40530 disposed:false
317 http fetch GET 200 https://registry.npmjs.org/is-extglob 283ms (cache miss)
318 silly packumentCache full:https://registry.npmjs.org/is-extglob set size:undefined disposed:false
319 http fetch GET 200 https://registry.npmjs.org/binary-extensions 314ms (cache miss)
320 silly packumentCache full:https://registry.npmjs.org/binary-extensions set size:undefined disposed:false
321 http fetch GET 200 https://registry.npmjs.org/fill-range 355ms (cache miss)
322 silly packumentCache full:https://registry.npmjs.org/fill-range set size:undefined disposed:false
323 http fetch GET 200 https://registry.npmjs.org/picomatch 713ms (cache miss)
324 silly packumentCache full:https://registry.npmjs.org/picomatch set size:undefined disposed:false
325 http fetch GET 200 https://registry.npmjs.org/picomatch 846ms (cache miss)
326 silly packumentCache full:https://registry.npmjs.org/picomatch set size:undefined disposed:false
327 silly placeDep node_modules/pm2 picomatch@2.3.2 OK for: anymatch@3.1.3 want: ^2.0.4
328 silly placeDep node_modules/pm2 fill-range@7.1.1 OK for: braces@3.0.3 want: ^7.1.1
329 silly fetch manifest to-regex-range@^5.0.1
330 silly packumentCache full:https://registry.npmjs.org/to-regex-range cache-miss
331 http fetch GET 200 https://registry.npmjs.org/to-regex-range 246ms (cache miss)
332 silly packumentCache full:https://registry.npmjs.org/to-regex-range set size:undefined disposed:false
333 silly placeDep node_modules/pm2 chalk@3.0.0 OK for: cli-tableau@2.0.1 want: 3.0.0
334 silly fetch manifest ansi-styles@^4.1.0
335 silly packumentCache full:https://registry.npmjs.org/ansi-styles cache-miss
336 silly fetch manifest supports-color@^7.1.0
337 silly packumentCache full:https://registry.npmjs.org/supports-color cache-miss
338 http fetch GET 200 https://registry.npmjs.org/ansi-styles 275ms (cache miss)
339 silly packumentCache full:https://registry.npmjs.org/ansi-styles set size:undefined disposed:false
340 http fetch GET 200 https://registry.npmjs.org/supports-color 349ms (cache miss)
341 silly packumentCache full:https://registry.npmjs.org/supports-color set size:undefined disposed:false
342 silly placeDep node_modules/pm2 ansi-styles@4.3.0 OK for: chalk@3.0.0 want: ^4.1.0
343 silly placeDep node_modules/pm2 supports-color@7.2.0 OK for: chalk@3.0.0 want: ^7.1.0
344 silly fetch manifest color-convert@^2.0.1
345 silly packumentCache full:https://registry.npmjs.org/color-convert cache-miss
346 silly fetch manifest has-flag@^4.0.0
347 silly packumentCache full:https://registry.npmjs.org/has-flag cache-miss
348 http fetch GET 200 https://registry.npmjs.org/has-flag 233ms (cache miss)
349 silly packumentCache full:https://registry.npmjs.org/has-flag set size:undefined disposed:false
350 http fetch GET 200 https://registry.npmjs.org/color-convert 281ms (cache miss)
351 silly packumentCache full:https://registry.npmjs.org/color-convert set size:undefined disposed:false
352 silly placeDep node_modules/pm2 color-convert@2.0.1 OK for: ansi-styles@4.3.0 want: ^2.0.1
353 silly fetch manifest color-name@~1.1.4
354 silly packumentCache full:https://registry.npmjs.org/color-name cache-miss
355 http fetch GET 200 https://registry.npmjs.org/color-name 228ms (cache miss)
356 silly packumentCache full:https://registry.npmjs.org/color-name set size:undefined disposed:false
357 silly placeDep node_modules/pm2 color-name@1.1.4 OK for: color-convert@2.0.1 want: ~1.1.4
358 silly placeDep node_modules/pm2 ms@2.1.3 OK for: debug@4.4.3 want: ^2.1.3
359 silly placeDep node_modules/pm2 follow-redirects@1.16.0 OK for: extrareqp2@1.0.0 want: ^1.14.0
360 silly placeDep node_modules/pm2 to-regex-range@5.0.1 OK for: fill-range@7.1.1 want: ^5.0.1
361 silly fetch manifest is-number@^7.0.0
362 silly packumentCache full:https://registry.npmjs.org/is-number cache-miss
363 http fetch GET 200 https://registry.npmjs.org/is-number 221ms (cache miss)
364 silly packumentCache full:https://registry.npmjs.org/is-number set size:undefined disposed:false
365 silly placeDep node_modules/pm2 binary-extensions@2.3.0 OK for: is-binary-path@2.1.0 want: ^2.0.0
366 silly placeDep node_modules/pm2 is-extglob@2.1.1 OK for: is-glob@4.0.3 want: ^2.1.1
367 silly placeDep node_modules/pm2 argparse@2.0.1 OK for: js-yaml@4.1.1 want: ^2.0.1
368 silly placeDep node_modules/pm2 safe-buffer@5.2.1 OK for: pidusage@4.0.1 want: ^5.2.1
369 silly placeDep node_modules/pm2 run-series@1.1.9 OK for: pm2-deploy@1.0.2 want: ^1.1.8
370 silly placeDep node_modules/pm2 tv4@1.3.0 OK for: pm2-deploy@1.0.2 want: ^1.3.0
371 silly placeDep node_modules/pm2/node_modules/pm2-sysmonit pidusage@2.0.21 OK for: pm2-sysmonit@1.2.8 want: ^2.0.21
372 silly placeDep node_modules/pm2 systeminformation@5.31.7 OK for: pm2-sysmonit@1.2.8 want: ^5.7
373 silly placeDep node_modules/pm2 tx2@1.0.5 OK for: pm2-sysmonit@1.2.8 want: ~1.0.4
374 silly fetch manifest json-stringify-safe@^5.0.1
375 silly packumentCache full:https://registry.npmjs.org/json-stringify-safe cache-miss
376 http fetch GET 200 https://registry.npmjs.org/json-stringify-safe 195ms (cache miss)
377 silly packumentCache full:https://registry.npmjs.org/json-stringify-safe set size:undefined disposed:false
378 silly placeDep node_modules/pm2 agent-base@7.1.4 OK for: proxy-agent@6.5.0 want: ^7.1.2
379 silly placeDep node_modules/pm2 http-proxy-agent@7.0.2 OK for: proxy-agent@6.5.0 want: ^7.0.1
380 silly placeDep node_modules/pm2 https-proxy-agent@7.0.6 OK for: proxy-agent@6.5.0 want: ^7.0.6
381 silly placeDep node_modules/pm2 lru-cache@7.18.3 OK for: proxy-agent@6.5.0 want: ^7.14.1
382 silly placeDep node_modules/pm2 pac-proxy-agent@7.2.0 OK for: proxy-agent@6.5.0 want: ^7.1.0
383 silly placeDep node_modules/pm2 proxy-from-env@1.1.0 OK for: proxy-agent@6.5.0 want: ^1.1.0
384 silly placeDep node_modules/pm2 socks-proxy-agent@8.0.5 OK for: proxy-agent@6.5.0 want: ^8.0.5
385 silly fetch manifest get-uri@^6.0.1
386 silly packumentCache full:https://registry.npmjs.org/get-uri cache-miss
387 silly fetch manifest pac-resolver@^7.0.1
388 silly packumentCache full:https://registry.npmjs.org/pac-resolver cache-miss
389 silly fetch manifest @tootallnate/quickjs-emscripten@^0.23.0
390 silly packumentCache full:https://registry.npmjs.org/@tootallnate%2fquickjs-emscripten cache-miss
391 silly fetch manifest socks@^2.8.3
392 silly packumentCache full:https://registry.npmjs.org/socks cache-miss
393 http fetch GET 200 https://registry.npmjs.org/get-uri 271ms (cache miss)
394 silly packumentCache full:https://registry.npmjs.org/get-uri set size:undefined disposed:false
395 http fetch GET 200 https://registry.npmjs.org/pac-resolver 424ms (cache miss)
396 silly packumentCache full:https://registry.npmjs.org/pac-resolver set size:undefined disposed:false
397 http fetch GET 200 https://registry.npmjs.org/socks 458ms (cache miss)
398 silly packumentCache full:https://registry.npmjs.org/socks set size:undefined disposed:false
399 http fetch GET 200 https://registry.npmjs.org/@tootallnate%2fquickjs-emscripten 484ms (cache miss)
400 silly packumentCache full:https://registry.npmjs.org/@tootallnate%2fquickjs-emscripten set size:undefined disposed:false
401 silly placeDep node_modules/pm2 @tootallnate/quickjs-emscripten@0.23.0 OK for: pac-proxy-agent@7.2.0 want: ^0.23.0
402 silly placeDep node_modules/pm2 get-uri@6.0.5 OK for: pac-proxy-agent@7.2.0 want: ^6.0.1
403 silly placeDep node_modules/pm2 pac-resolver@7.0.1 OK for: pac-proxy-agent@7.2.0 want: ^7.0.1
404 silly fetch manifest basic-ftp@^5.0.2
405 silly packumentCache full:https://registry.npmjs.org/basic-ftp cache-miss
406 silly fetch manifest data-uri-to-buffer@^6.0.2
407 silly packumentCache full:https://registry.npmjs.org/data-uri-to-buffer cache-miss
408 silly fetch manifest netmask@^2.0.2
409 silly packumentCache full:https://registry.npmjs.org/netmask cache-miss
410 silly fetch manifest degenerator@^5.0.0
411 silly packumentCache full:https://registry.npmjs.org/degenerator cache-miss
412 http fetch GET 200 https://registry.npmjs.org/data-uri-to-buffer 265ms (cache miss)
413 silly packumentCache full:https://registry.npmjs.org/data-uri-to-buffer set size:undefined disposed:false
414 http fetch GET 200 https://registry.npmjs.org/netmask 319ms (cache miss)
415 silly packumentCache full:https://registry.npmjs.org/netmask set size:undefined disposed:false
416 http fetch GET 200 https://registry.npmjs.org/degenerator 461ms (cache miss)
417 silly packumentCache full:https://registry.npmjs.org/degenerator set size:undefined disposed:false
418 http fetch GET 200 https://registry.npmjs.org/basic-ftp 685ms (cache miss)
419 silly packumentCache full:https://registry.npmjs.org/basic-ftp set size:undefined disposed:false
420 silly placeDep node_modules/pm2 basic-ftp@5.3.1 OK for: get-uri@6.0.5 want: ^5.0.2
421 silly placeDep node_modules/pm2 data-uri-to-buffer@6.0.2 OK for: get-uri@6.0.5 want: ^6.0.2
422 silly placeDep node_modules/pm2 degenerator@5.0.1 OK for: pac-resolver@7.0.1 want: ^5.0.0
423 silly placeDep node_modules/pm2 netmask@2.1.1 OK for: pac-resolver@7.0.1 want: ^2.0.2
424 silly fetch manifest esprima@^4.0.1
425 silly packumentCache full:https://registry.npmjs.org/esprima cache-miss
426 silly fetch manifest ast-types@^0.13.4
427 silly packumentCache full:https://registry.npmjs.org/ast-types cache-miss
428 silly fetch manifest escodegen@^2.1.0
429 silly packumentCache full:https://registry.npmjs.org/escodegen cache-miss
430 http fetch GET 200 https://registry.npmjs.org/escodegen 607ms (cache miss)
431 silly packumentCache full:https://registry.npmjs.org/escodegen set size:undefined disposed:false
432 http fetch GET 200 https://registry.npmjs.org/esprima 622ms (cache miss)
433 silly packumentCache full:https://registry.npmjs.org/esprima set size:undefined disposed:false
434 http fetch GET 200 https://registry.npmjs.org/ast-types 864ms (cache miss)
435 silly packumentCache full:https://registry.npmjs.org/ast-types set size:undefined disposed:false
436 silly placeDep node_modules/pm2 ast-types@0.13.4 OK for: degenerator@5.0.1 want: ^0.13.4
437 silly placeDep node_modules/pm2 escodegen@2.1.0 OK for: degenerator@5.0.1 want: ^2.1.0
438 silly placeDep node_modules/pm2 esprima@4.0.1 OK for: degenerator@5.0.1 want: ^4.0.1
439 silly fetch manifest tslib@^2.0.1
440 silly packumentCache full:https://registry.npmjs.org/tslib cache-miss
441 silly fetch manifest estraverse@^5.2.0
442 silly packumentCache full:https://registry.npmjs.org/estraverse cache-miss
443 silly fetch manifest esutils@^2.0.2
444 silly packumentCache full:https://registry.npmjs.org/esutils cache-miss
445 silly fetch manifest source-map@~0.6.1
446 silly packumentCache full:https://registry.npmjs.org/source-map cache-miss
447 http fetch GET 200 https://registry.npmjs.org/estraverse 288ms (cache miss)
448 silly packumentCache full:https://registry.npmjs.org/estraverse set size:undefined disposed:false
449 http fetch GET 200 https://registry.npmjs.org/esutils 338ms (cache miss)
450 silly packumentCache full:https://registry.npmjs.org/esutils set size:undefined disposed:false
451 http fetch GET 200 https://registry.npmjs.org/tslib 477ms (cache miss)
452 silly packumentCache full:https://registry.npmjs.org/tslib set size:undefined disposed:false
453 http fetch GET 200 https://registry.npmjs.org/source-map 515ms (cache miss)
454 silly packumentCache full:https://registry.npmjs.org/source-map set size:undefined disposed:false
455 silly placeDep node_modules/pm2 tslib@2.8.1 OK for: ast-types@0.13.4 want: ^2.0.1
456 silly placeDep node_modules/pm2 estraverse@5.3.0 OK for: escodegen@2.1.0 want: ^5.2.0
457 silly placeDep node_modules/pm2 esutils@2.0.3 OK for: escodegen@2.1.0 want: ^2.0.2
458 silly placeDep node_modules/pm2 source-map@0.6.1 OK for: escodegen@2.1.0 want: ~0.6.1
459 silly placeDep node_modules/pm2 socks@2.8.9 OK for: socks-proxy-agent@8.0.5 want: ^2.8.3
460 silly fetch manifest ip-address@^10.1.1
461 silly packumentCache full:https://registry.npmjs.org/ip-address cache-miss
462 silly fetch manifest smart-buffer@^4.2.0
463 silly packumentCache full:https://registry.npmjs.org/smart-buffer cache-miss
464 http fetch GET 200 https://registry.npmjs.org/smart-buffer 264ms (cache miss)
465 silly packumentCache full:https://registry.npmjs.org/smart-buffer set size:undefined disposed:false
466 http fetch GET 200 https://registry.npmjs.org/ip-address 373ms (cache miss)
467 silly packumentCache full:https://registry.npmjs.org/ip-address set size:undefined disposed:false
468 silly placeDep node_modules/pm2 ip-address@10.2.0 OK for: socks@2.8.9 want: ^10.1.1
469 silly placeDep node_modules/pm2 smart-buffer@4.2.0 OK for: socks@2.8.9 want: ^4.2.0
470 silly placeDep node_modules/pm2 has-flag@4.0.0 OK for: supports-color@7.2.0 want: ^4.0.0
471 silly placeDep node_modules/pm2 is-number@7.0.0 OK for: to-regex-range@5.0.1 want: ^7.0.0
472 silly placeDep node_modules/pm2 json-stringify-safe@5.0.1 OK for: tx2@1.0.5 want: ^5.0.1
473 silly placeDep node_modules/pm2/node_modules/vizion async@2.6.4 OK for: vizion@2.2.1 want: ^2.6.3
474 silly placeDep node_modules/pm2 git-node-fs@1.0.0 OK for: vizion@2.2.1 want: ^1.0.0
475 silly placeDep node_modules/pm2 ini@1.3.8 OK for: vizion@2.2.1 want: ^1.3.5
476 silly placeDep node_modules/pm2 js-git@0.7.8 OK for: vizion@2.2.1 want: ^0.7.8
477 silly fetch manifest bodec@^0.1.0
478 silly packumentCache full:https://registry.npmjs.org/bodec cache-miss
479 silly fetch manifest culvert@^0.1.2
480 silly packumentCache full:https://registry.npmjs.org/culvert cache-miss
481 silly fetch manifest git-sha1@^0.1.2
482 silly packumentCache full:https://registry.npmjs.org/git-sha1 cache-miss
483 silly fetch manifest pako@^0.2.5
484 silly packumentCache full:https://registry.npmjs.org/pako cache-miss
485 http fetch GET 200 https://registry.npmjs.org/git-sha1 174ms (cache miss)
486 silly packumentCache full:https://registry.npmjs.org/git-sha1 set size:undefined disposed:false
487 http fetch GET 200 https://registry.npmjs.org/bodec 182ms (cache miss)
488 silly packumentCache full:https://registry.npmjs.org/bodec set size:undefined disposed:false
489 http fetch GET 200 https://registry.npmjs.org/culvert 208ms (cache miss)
490 silly packumentCache full:https://registry.npmjs.org/culvert set size:undefined disposed:false
491 http fetch GET 200 https://registry.npmjs.org/pako 250ms (cache miss)
492 silly packumentCache full:https://registry.npmjs.org/pako set size:undefined disposed:false
493 silly placeDep node_modules/pm2 bodec@0.1.0 OK for: js-git@0.7.8 want: ^0.1.0
494 silly placeDep node_modules/pm2 culvert@0.1.2 OK for: js-git@0.7.8 want: ^0.1.2
495 silly placeDep node_modules/pm2 git-sha1@0.1.2 OK for: js-git@0.7.8 want: ^0.1.2
496 silly placeDep node_modules/pm2 pako@0.2.9 OK for: js-git@0.7.8 want: ^0.2.5
497 silly placeDep node_modules/pm2 lodash@4.18.1 OK for: async@2.6.4 want: ^4.17.14
498 silly reify moves {}
499 http cache pm2@https://registry.npmjs.org/pm2/-/pm2-7.0.1.tgz 1ms (cache hit)
500 http cache lodash@https://registry.npmjs.org/lodash/-/lodash-4.18.1.tgz 0ms (cache hit)
501 http cache pako@https://registry.npmjs.org/pako/-/pako-0.2.9.tgz 0ms (cache hit)
502 http cache git-sha1@https://registry.npmjs.org/git-sha1/-/git-sha1-0.1.2.tgz 0ms (cache hit)
503 http cache culvert@https://registry.npmjs.org/culvert/-/culvert-0.1.2.tgz 0ms (cache hit)
504 http cache bodec@https://registry.npmjs.org/bodec/-/bodec-0.1.0.tgz 0ms (cache hit)
505 http cache js-git@https://registry.npmjs.org/js-git/-/js-git-0.7.8.tgz 0ms (cache hit)
506 http cache ini@https://registry.npmjs.org/ini/-/ini-1.3.8.tgz 0ms (cache hit)
507 http cache git-node-fs@https://registry.npmjs.org/git-node-fs/-/git-node-fs-1.0.0.tgz 0ms (cache hit)
508 http cache json-stringify-safe@https://registry.npmjs.org/json-stringify-safe/-/json-stringify-safe-5.0.1.tgz 0ms (cache hit)
509 http cache has-flag@https://registry.npmjs.org/has-flag/-/has-flag-4.0.0.tgz 0ms (cache hit)
510 http cache is-number@https://registry.npmjs.org/is-number/-/is-number-7.0.0.tgz 0ms (cache hit)
511 http cache smart-buffer@https://registry.npmjs.org/smart-buffer/-/smart-buffer-4.2.0.tgz 0ms (cache hit)
512 http cache ip-address@https://registry.npmjs.org/ip-address/-/ip-address-10.2.0.tgz 0ms (cache hit)
513 http cache socks@https://registry.npmjs.org/socks/-/socks-2.8.9.tgz 0ms (cache hit)
514 http cache source-map@https://registry.npmjs.org/source-map/-/source-map-0.6.1.tgz 0ms (cache hit)
515 http cache esutils@https://registry.npmjs.org/esutils/-/esutils-2.0.3.tgz 0ms (cache hit)
516 http cache estraverse@https://registry.npmjs.org/estraverse/-/estraverse-5.3.0.tgz 0ms (cache hit)
517 http cache tslib@https://registry.npmjs.org/tslib/-/tslib-2.8.1.tgz 0ms (cache hit)
518 http cache esprima@https://registry.npmjs.org/esprima/-/esprima-4.0.1.tgz 0ms (cache hit)
519 http cache escodegen@https://registry.npmjs.org/escodegen/-/escodegen-2.1.0.tgz 1ms (cache hit)
520 http cache ast-types@https://registry.npmjs.org/ast-types/-/ast-types-0.13.4.tgz 0ms (cache hit)
521 http cache netmask@https://registry.npmjs.org/netmask/-/netmask-2.1.1.tgz 0ms (cache hit)
522 http cache degenerator@https://registry.npmjs.org/degenerator/-/degenerator-5.0.1.tgz 0ms (cache hit)
523 http cache data-uri-to-buffer@https://registry.npmjs.org/data-uri-to-buffer/-/data-uri-to-buffer-6.0.2.tgz 0ms (cache hit)
524 http cache basic-ftp@https://registry.npmjs.org/basic-ftp/-/basic-ftp-5.3.1.tgz 0ms (cache hit)
525 http cache pac-resolver@https://registry.npmjs.org/pac-resolver/-/pac-resolver-7.0.1.tgz 0ms (cache hit)
526 http cache get-uri@https://registry.npmjs.org/get-uri/-/get-uri-6.0.5.tgz 1ms (cache hit)
527 http cache @tootallnate/quickjs-emscripten@https://registry.npmjs.org/@tootallnate/quickjs-emscripten/-/quickjs-emscripten-0.23.0.tgz 0ms (cache hit)
528 http cache socks-proxy-agent@https://registry.npmjs.org/socks-proxy-agent/-/socks-proxy-agent-8.0.5.tgz 0ms (cache hit)
529 http cache proxy-from-env@https://registry.npmjs.org/proxy-from-env/-/proxy-from-env-1.1.0.tgz 0ms (cache hit)
530 http cache pac-proxy-agent@https://registry.npmjs.org/pac-proxy-agent/-/pac-proxy-agent-7.2.0.tgz 0ms (cache hit)
531 http cache lru-cache@https://registry.npmjs.org/lru-cache/-/lru-cache-7.18.3.tgz 0ms (cache hit)
532 http cache https-proxy-agent@https://registry.npmjs.org/https-proxy-agent/-/https-proxy-agent-7.0.6.tgz 0ms (cache hit)
533 http cache http-proxy-agent@https://registry.npmjs.org/http-proxy-agent/-/http-proxy-agent-7.0.2.tgz 0ms (cache hit)
534 http cache agent-base@https://registry.npmjs.org/agent-base/-/agent-base-7.1.4.tgz 0ms (cache hit)
535 http cache tx2@https://registry.npmjs.org/tx2/-/tx2-1.0.5.tgz 0ms (cache hit)
536 http cache tv4@https://registry.npmjs.org/tv4/-/tv4-1.3.0.tgz 0ms (cache hit)
537 http cache systeminformation@https://registry.npmjs.org/systeminformation/-/systeminformation-5.31.7.tgz 0ms (cache hit)
538 http cache run-series@https://registry.npmjs.org/run-series/-/run-series-1.1.9.tgz 0ms (cache hit)
539 http cache safe-buffer@https://registry.npmjs.org/safe-buffer/-/safe-buffer-5.2.1.tgz 0ms (cache hit)
540 http cache argparse@https://registry.npmjs.org/argparse/-/argparse-2.0.1.tgz 0ms (cache hit)
541 http cache is-extglob@https://registry.npmjs.org/is-extglob/-/is-extglob-2.1.1.tgz 0ms (cache hit)
542 http cache binary-extensions@https://registry.npmjs.org/binary-extensions/-/binary-extensions-2.3.0.tgz 1ms (cache hit)
543 http cache to-regex-range@https://registry.npmjs.org/to-regex-range/-/to-regex-range-5.0.1.tgz 0ms (cache hit)
544 http cache follow-redirects@https://registry.npmjs.org/follow-redirects/-/follow-redirects-1.16.0.tgz 0ms (cache hit)
545 http cache ms@https://registry.npmjs.org/ms/-/ms-2.1.3.tgz 1ms (cache hit)
546 http cache color-convert@https://registry.npmjs.org/color-convert/-/color-convert-2.0.1.tgz 0ms (cache hit)
547 http cache supports-color@https://registry.npmjs.org/supports-color/-/supports-color-7.2.0.tgz 0ms (cache hit)
548 http cache ansi-styles@https://registry.npmjs.org/ansi-styles/-/ansi-styles-4.3.0.tgz 0ms (cache hit)
549 http cache chalk@https://registry.npmjs.org/chalk/-/chalk-3.0.0.tgz 0ms (cache hit)
550 http cache fill-range@https://registry.npmjs.org/fill-range/-/fill-range-7.1.1.tgz 0ms (cache hit)
551 http cache picomatch@https://registry.npmjs.org/picomatch/-/picomatch-2.3.2.tgz 0ms (cache hit)
552 http cache readdirp@https://registry.npmjs.org/readdirp/-/readdirp-3.6.0.tgz 0ms (cache hit)
553 http cache normalize-path@https://registry.npmjs.org/normalize-path/-/normalize-path-3.0.0.tgz 0ms (cache hit)
554 http cache is-glob@https://registry.npmjs.org/is-glob/-/is-glob-4.0.3.tgz 0ms (cache hit)
555 http cache glob-parent@https://registry.npmjs.org/glob-parent/-/glob-parent-5.1.2.tgz 0ms (cache hit)
556 http cache is-binary-path@https://registry.npmjs.org/is-binary-path/-/is-binary-path-2.1.0.tgz 0ms (cache hit)
557 http cache braces@https://registry.npmjs.org/braces/-/braces-3.0.3.tgz 0ms (cache hit)
558 http cache anymatch@https://registry.npmjs.org/anymatch/-/anymatch-3.1.3.tgz 0ms (cache hit)
559 http cache extrareqp2@https://registry.npmjs.org/extrareqp2/-/extrareqp2-1.0.0.tgz 0ms (cache hit)
560 http cache ws@https://registry.npmjs.org/ws/-/ws-8.20.0.tgz 1ms (cache hit)
561 http cache vizion@https://registry.npmjs.org/vizion/-/vizion-2.2.1.tgz 0ms (cache hit)
562 http cache semver@https://registry.npmjs.org/semver/-/semver-7.7.2.tgz 0ms (cache hit)
563 http cache async@https://registry.npmjs.org/async/-/async-2.6.4.tgz 1ms (cache hit)
564 http cache proxy-agent@https://registry.npmjs.org/proxy-agent/-/proxy-agent-6.5.0.tgz 0ms (cache hit)
565 http cache pm2-sysmonit@https://registry.npmjs.org/pm2-sysmonit/-/pm2-sysmonit-1.2.8.tgz 0ms (cache hit)
566 http cache pidusage@https://registry.npmjs.org/pidusage/-/pidusage-2.0.21.tgz 0ms (cache hit)
567 http cache pm2-deploy@https://registry.npmjs.org/pm2-deploy/-/pm2-deploy-1.0.2.tgz 0ms (cache hit)
568 http cache pidusage@https://registry.npmjs.org/pidusage/-/pidusage-4.0.1.tgz 0ms (cache hit)
569 http cache js-yaml@https://registry.npmjs.org/js-yaml/-/js-yaml-4.1.1.tgz 0ms (cache hit)
570 http cache fast-json-patch@https://registry.npmjs.org/fast-json-patch/-/fast-json-patch-3.1.1.tgz 0ms (cache hit)
571 http cache eventemitter2@https://registry.npmjs.org/eventemitter2/-/eventemitter2-6.4.9.tgz 0ms (cache hit)
572 http cache debug@https://registry.npmjs.org/debug/-/debug-4.4.3.tgz 0ms (cache hit)
573 http cache dayjs@https://registry.npmjs.org/dayjs/-/dayjs-1.11.15.tgz 0ms (cache hit)
574 http cache croner@https://registry.npmjs.org/croner/-/croner-4.1.97.tgz 0ms (cache hit)
575 http cache commander@https://registry.npmjs.org/commander/-/commander-2.15.1.tgz 0ms (cache hit)
576 http cache cli-tableau@https://registry.npmjs.org/cli-tableau/-/cli-tableau-2.0.1.tgz 0ms (cache hit)
577 http cache chokidar@https://registry.npmjs.org/chokidar/-/chokidar-3.6.0.tgz 0ms (cache hit)
578 http cache async@https://registry.npmjs.org/async/-/async-3.2.6.tgz 0ms (cache hit)
579 http cache ansis@https://registry.npmjs.org/ansis/-/ansis-4.0.0-node10.tgz 0ms (cache hit)
580 http cache amp-message@https://registry.npmjs.org/amp-message/-/amp-message-0.1.2.tgz 1ms (cache hit)
581 http cache @pm2/pm2-version-check@https://registry.npmjs.org/@pm2/pm2-version-check/-/pm2-version-check-1.0.4.tgz 1ms (cache hit)
582 http cache @pm2/js-api@https://registry.npmjs.org/@pm2/js-api/-/js-api-0.8.0.tgz 0ms (cache hit)
583 http cache ws@https://registry.npmjs.org/ws/-/ws-7.5.11.tgz 0ms (cache hit)
584 http cache debug@https://registry.npmjs.org/debug/-/debug-4.3.7.tgz 0ms (cache hit)
585 http cache @pm2/blessed@https://registry.npmjs.org/@pm2/blessed/-/blessed-0.1.81.tgz 0ms (cache hit)
586 http cache async@https://registry.npmjs.org/async/-/async-2.6.4.tgz 0ms (cache hit)
587 http cache color-name@https://registry.npmjs.org/color-name/-/color-name-1.1.4.tgz 0ms (cache hit)
588 http cache amp@https://registry.npmjs.org/amp/-/amp-0.3.1.tgz 0ms (cache hit)
589 silly tarball no local data for pm2@https://registry.npmjs.org/pm2/-/pm2-7.0.1.tgz. Extracting by manifest.
590 silly tarball no local data for lodash@https://registry.npmjs.org/lodash/-/lodash-4.18.1.tgz. Extracting by manifest.
591 silly tarball no local data for pako@https://registry.npmjs.org/pako/-/pako-0.2.9.tgz. Extracting by manifest.
592 silly tarball no local data for git-sha1@https://registry.npmjs.org/git-sha1/-/git-sha1-0.1.2.tgz. Extracting by manifest.
593 silly tarball no local data for culvert@https://registry.npmjs.org/culvert/-/culvert-0.1.2.tgz. Extracting by manifest.
594 silly tarball no local data for bodec@https://registry.npmjs.org/bodec/-/bodec-0.1.0.tgz. Extracting by manifest.
595 silly tarball no local data for js-git@https://registry.npmjs.org/js-git/-/js-git-0.7.8.tgz. Extracting by manifest.
596 silly tarball no local data for ini@https://registry.npmjs.org/ini/-/ini-1.3.8.tgz. Extracting by manifest.
597 silly tarball no local data for git-node-fs@https://registry.npmjs.org/git-node-fs/-/git-node-fs-1.0.0.tgz. Extracting by manifest.
598 silly tarball no local data for json-stringify-safe@https://registry.npmjs.org/json-stringify-safe/-/json-stringify-safe-5.0.1.tgz. Extracting by manifest.
599 silly tarball no local data for has-flag@https://registry.npmjs.org/has-flag/-/has-flag-4.0.0.tgz. Extracting by manifest.
600 silly tarball no local data for is-number@https://registry.npmjs.org/is-number/-/is-number-7.0.0.tgz. Extracting by manifest.
601 silly tarball no local data for smart-buffer@https://registry.npmjs.org/smart-buffer/-/smart-buffer-4.2.0.tgz. Extracting by manifest.
602 silly tarball no local data for ip-address@https://registry.npmjs.org/ip-address/-/ip-address-10.2.0.tgz. Extracting by manifest.
603 silly tarball no local data for socks@https://registry.npmjs.org/socks/-/socks-2.8.9.tgz. Extracting by manifest.
604 silly tarball no local data for source-map@https://registry.npmjs.org/source-map/-/source-map-0.6.1.tgz. Extracting by manifest.
605 silly tarball no local data for esutils@https://registry.npmjs.org/esutils/-/esutils-2.0.3.tgz. Extracting by manifest.
606 silly tarball no local data for estraverse@https://registry.npmjs.org/estraverse/-/estraverse-5.3.0.tgz. Extracting by manifest.
607 silly tarball no local data for tslib@https://registry.npmjs.org/tslib/-/tslib-2.8.1.tgz. Extracting by manifest.
608 silly tarball no local data for esprima@https://registry.npmjs.org/esprima/-/esprima-4.0.1.tgz. Extracting by manifest.
609 silly tarball no local data for escodegen@https://registry.npmjs.org/escodegen/-/escodegen-2.1.0.tgz. Extracting by manifest.
610 silly tarball no local data for ast-types@https://registry.npmjs.org/ast-types/-/ast-types-0.13.4.tgz. Extracting by manifest.
611 silly tarball no local data for netmask@https://registry.npmjs.org/netmask/-/netmask-2.1.1.tgz. Extracting by manifest.
612 silly tarball no local data for degenerator@https://registry.npmjs.org/degenerator/-/degenerator-5.0.1.tgz. Extracting by manifest.
613 silly tarball no local data for data-uri-to-buffer@https://registry.npmjs.org/data-uri-to-buffer/-/data-uri-to-buffer-6.0.2.tgz. Extracting by manifest.
614 silly tarball no local data for basic-ftp@https://registry.npmjs.org/basic-ftp/-/basic-ftp-5.3.1.tgz. Extracting by manifest.
615 silly tarball no local data for pac-resolver@https://registry.npmjs.org/pac-resolver/-/pac-resolver-7.0.1.tgz. Extracting by manifest.
616 silly tarball no local data for get-uri@https://registry.npmjs.org/get-uri/-/get-uri-6.0.5.tgz. Extracting by manifest.
617 silly tarball no local data for @tootallnate/quickjs-emscripten@https://registry.npmjs.org/@tootallnate/quickjs-emscripten/-/quickjs-emscripten-0.23.0.tgz. Extracting by manifest.
618 silly tarball no local data for socks-proxy-agent@https://registry.npmjs.org/socks-proxy-agent/-/socks-proxy-agent-8.0.5.tgz. Extracting by manifest.
619 silly tarball no local data for proxy-from-env@https://registry.npmjs.org/proxy-from-env/-/proxy-from-env-1.1.0.tgz. Extracting by manifest.
620 silly tarball no local data for pac-proxy-agent@https://registry.npmjs.org/pac-proxy-agent/-/pac-proxy-agent-7.2.0.tgz. Extracting by manifest.
621 silly tarball no local data for lru-cache@https://registry.npmjs.org/lru-cache/-/lru-cache-7.18.3.tgz. Extracting by manifest.
622 silly tarball no local data for https-proxy-agent@https://registry.npmjs.org/https-proxy-agent/-/https-proxy-agent-7.0.6.tgz. Extracting by manifest.
623 silly tarball no local data for http-proxy-agent@https://registry.npmjs.org/http-proxy-agent/-/http-proxy-agent-7.0.2.tgz. Extracting by manifest.
624 silly tarball no local data for agent-base@https://registry.npmjs.org/agent-base/-/agent-base-7.1.4.tgz. Extracting by manifest.
625 silly tarball no local data for tx2@https://registry.npmjs.org/tx2/-/tx2-1.0.5.tgz. Extracting by manifest.
626 silly tarball no local data for tv4@https://registry.npmjs.org/tv4/-/tv4-1.3.0.tgz. Extracting by manifest.
627 silly tarball no local data for systeminformation@https://registry.npmjs.org/systeminformation/-/systeminformation-5.31.7.tgz. Extracting by manifest.
628 silly tarball no local data for run-series@https://registry.npmjs.org/run-series/-/run-series-1.1.9.tgz. Extracting by manifest.
629 silly tarball no local data for safe-buffer@https://registry.npmjs.org/safe-buffer/-/safe-buffer-5.2.1.tgz. Extracting by manifest.
630 silly tarball no local data for argparse@https://registry.npmjs.org/argparse/-/argparse-2.0.1.tgz. Extracting by manifest.
631 silly tarball no local data for is-extglob@https://registry.npmjs.org/is-extglob/-/is-extglob-2.1.1.tgz. Extracting by manifest.
632 silly tarball no local data for binary-extensions@https://registry.npmjs.org/binary-extensions/-/binary-extensions-2.3.0.tgz. Extracting by manifest.
633 silly tarball no local data for to-regex-range@https://registry.npmjs.org/to-regex-range/-/to-regex-range-5.0.1.tgz. Extracting by manifest.
634 silly tarball no local data for follow-redirects@https://registry.npmjs.org/follow-redirects/-/follow-redirects-1.16.0.tgz. Extracting by manifest.
635 silly tarball no local data for ms@https://registry.npmjs.org/ms/-/ms-2.1.3.tgz. Extracting by manifest.
636 silly tarball no local data for color-convert@https://registry.npmjs.org/color-convert/-/color-convert-2.0.1.tgz. Extracting by manifest.
637 silly tarball no local data for supports-color@https://registry.npmjs.org/supports-color/-/supports-color-7.2.0.tgz. Extracting by manifest.
638 silly tarball no local data for ansi-styles@https://registry.npmjs.org/ansi-styles/-/ansi-styles-4.3.0.tgz. Extracting by manifest.
639 silly tarball no local data for chalk@https://registry.npmjs.org/chalk/-/chalk-3.0.0.tgz. Extracting by manifest.
640 silly tarball no local data for fill-range@https://registry.npmjs.org/fill-range/-/fill-range-7.1.1.tgz. Extracting by manifest.
641 silly tarball no local data for picomatch@https://registry.npmjs.org/picomatch/-/picomatch-2.3.2.tgz. Extracting by manifest.
642 silly tarball no local data for readdirp@https://registry.npmjs.org/readdirp/-/readdirp-3.6.0.tgz. Extracting by manifest.
643 silly tarball no local data for normalize-path@https://registry.npmjs.org/normalize-path/-/normalize-path-3.0.0.tgz. Extracting by manifest.
644 silly tarball no local data for is-glob@https://registry.npmjs.org/is-glob/-/is-glob-4.0.3.tgz. Extracting by manifest.
645 silly tarball no local data for glob-parent@https://registry.npmjs.org/glob-parent/-/glob-parent-5.1.2.tgz. Extracting by manifest.
646 silly tarball no local data for is-binary-path@https://registry.npmjs.org/is-binary-path/-/is-binary-path-2.1.0.tgz. Extracting by manifest.
647 silly tarball no local data for braces@https://registry.npmjs.org/braces/-/braces-3.0.3.tgz. Extracting by manifest.
648 silly tarball no local data for anymatch@https://registry.npmjs.org/anymatch/-/anymatch-3.1.3.tgz. Extracting by manifest.
649 silly tarball no local data for extrareqp2@https://registry.npmjs.org/extrareqp2/-/extrareqp2-1.0.0.tgz. Extracting by manifest.
650 silly tarball no local data for ws@https://registry.npmjs.org/ws/-/ws-8.20.0.tgz. Extracting by manifest.
651 silly tarball no local data for vizion@https://registry.npmjs.org/vizion/-/vizion-2.2.1.tgz. Extracting by manifest.
652 silly tarball no local data for semver@https://registry.npmjs.org/semver/-/semver-7.7.2.tgz. Extracting by manifest.
653 silly tarball no local data for async@https://registry.npmjs.org/async/-/async-2.6.4.tgz. Extracting by manifest.
654 silly tarball no local data for proxy-agent@https://registry.npmjs.org/proxy-agent/-/proxy-agent-6.5.0.tgz. Extracting by manifest.
655 silly tarball no local data for pm2-sysmonit@https://registry.npmjs.org/pm2-sysmonit/-/pm2-sysmonit-1.2.8.tgz. Extracting by manifest.
656 silly tarball no local data for pidusage@https://registry.npmjs.org/pidusage/-/pidusage-2.0.21.tgz. Extracting by manifest.
657 silly tarball no local data for pm2-deploy@https://registry.npmjs.org/pm2-deploy/-/pm2-deploy-1.0.2.tgz. Extracting by manifest.
658 silly tarball no local data for pidusage@https://registry.npmjs.org/pidusage/-/pidusage-4.0.1.tgz. Extracting by manifest.
659 silly tarball no local data for js-yaml@https://registry.npmjs.org/js-yaml/-/js-yaml-4.1.1.tgz. Extracting by manifest.
660 silly tarball no local data for fast-json-patch@https://registry.npmjs.org/fast-json-patch/-/fast-json-patch-3.1.1.tgz. Extracting by manifest.
661 silly tarball no local data for eventemitter2@https://registry.npmjs.org/eventemitter2/-/eventemitter2-6.4.9.tgz. Extracting by manifest.
662 silly tarball no local data for debug@https://registry.npmjs.org/debug/-/debug-4.4.3.tgz. Extracting by manifest.
663 silly tarball no local data for dayjs@https://registry.npmjs.org/dayjs/-/dayjs-1.11.15.tgz. Extracting by manifest.
664 silly tarball no local data for croner@https://registry.npmjs.org/croner/-/croner-4.1.97.tgz. Extracting by manifest.
665 silly tarball no local data for commander@https://registry.npmjs.org/commander/-/commander-2.15.1.tgz. Extracting by manifest.
666 silly tarball no local data for cli-tableau@https://registry.npmjs.org/cli-tableau/-/cli-tableau-2.0.1.tgz. Extracting by manifest.
667 silly tarball no local data for chokidar@https://registry.npmjs.org/chokidar/-/chokidar-3.6.0.tgz. Extracting by manifest.
668 silly tarball no local data for async@https://registry.npmjs.org/async/-/async-3.2.6.tgz. Extracting by manifest.
669 silly tarball no local data for ansis@https://registry.npmjs.org/ansis/-/ansis-4.0.0-node10.tgz. Extracting by manifest.
670 silly tarball no local data for amp-message@https://registry.npmjs.org/amp-message/-/amp-message-0.1.2.tgz. Extracting by manifest.
671 silly tarball no local data for @pm2/pm2-version-check@https://registry.npmjs.org/@pm2/pm2-version-check/-/pm2-version-check-1.0.4.tgz. Extracting by manifest.
672 silly tarball no local data for @pm2/js-api@https://registry.npmjs.org/@pm2/js-api/-/js-api-0.8.0.tgz. Extracting by manifest.
673 silly tarball no local data for ws@https://registry.npmjs.org/ws/-/ws-7.5.11.tgz. Extracting by manifest.
674 silly tarball no local data for debug@https://registry.npmjs.org/debug/-/debug-4.3.7.tgz. Extracting by manifest.
675 silly tarball no local data for @pm2/blessed@https://registry.npmjs.org/@pm2/blessed/-/blessed-0.1.81.tgz. Extracting by manifest.
676 silly tarball no local data for async@https://registry.npmjs.org/async/-/async-2.6.4.tgz. Extracting by manifest.
677 silly tarball no local data for color-name@https://registry.npmjs.org/color-name/-/color-name-1.1.4.tgz. Extracting by manifest.
678 silly tarball no local data for amp@https://registry.npmjs.org/amp/-/amp-0.3.1.tgz. Extracting by manifest.
679 http fetch GET 200 https://registry.npmjs.org/git-sha1/-/git-sha1-0.1.2.tgz 810ms (cache miss)
680 http fetch GET 200 https://registry.npmjs.org/ini/-/ini-1.3.8.tgz 806ms (cache miss)
681 http fetch GET 200 https://registry.npmjs.org/culvert/-/culvert-0.1.2.tgz 818ms (cache miss)
682 http fetch GET 200 https://registry.npmjs.org/bodec/-/bodec-0.1.0.tgz 817ms (cache miss)
683 http fetch GET 200 https://registry.npmjs.org/js-git/-/js-git-0.7.8.tgz 1689ms (cache miss)
684 http fetch GET 200 https://registry.npmjs.org/esutils/-/esutils-2.0.3.tgz 2218ms (cache miss)
685 http fetch GET 200 https://registry.npmjs.org/estraverse/-/estraverse-5.3.0.tgz 2306ms (cache miss)
686 http fetch GET 200 https://registry.npmjs.org/tslib/-/tslib-2.8.1.tgz 2317ms (cache miss)
687 http fetch GET 200 https://registry.npmjs.org/esprima/-/esprima-4.0.1.tgz 3498ms (cache miss)
688 http fetch GET 200 https://registry.npmjs.org/pako/-/pako-0.2.9.tgz 3565ms (cache miss)
689 http fetch GET 200 https://registry.npmjs.org/escodegen/-/escodegen-2.1.0.tgz 3822ms (cache miss)
690 http fetch GET 200 https://registry.npmjs.org/netmask/-/netmask-2.1.1.tgz 3949ms (cache miss)
691 http fetch GET 200 https://registry.npmjs.org/ast-types/-/ast-types-0.13.4.tgz 4350ms (cache miss)
692 http fetch GET 200 https://registry.npmjs.org/degenerator/-/degenerator-5.0.1.tgz 4991ms (cache miss)
693 http fetch GET 200 https://registry.npmjs.org/data-uri-to-buffer/-/data-uri-to-buffer-6.0.2.tgz 5008ms (cache miss)
694 http fetch GET 200 https://registry.npmjs.org/git-node-fs/-/git-node-fs-1.0.0.tgz 5084ms (cache miss)
695 http fetch GET 200 https://registry.npmjs.org/json-stringify-safe/-/json-stringify-safe-5.0.1.tgz 5088ms (cache miss)
696 http fetch GET 200 https://registry.npmjs.org/basic-ftp/-/basic-ftp-5.3.1.tgz 5207ms (cache miss)
697 http fetch GET 200 https://registry.npmjs.org/pac-resolver/-/pac-resolver-7.0.1.tgz 5365ms (cache miss)
698 http fetch GET 200 https://registry.npmjs.org/get-uri/-/get-uri-6.0.5.tgz 5523ms (cache miss)
699 http fetch GET 200 https://registry.npmjs.org/pm2/-/pm2-7.0.1.tgz 6034ms (cache miss)
700 http fetch GET 200 https://registry.npmjs.org/socks-proxy-agent/-/socks-proxy-agent-8.0.5.tgz 6081ms (cache miss)
701 http fetch GET 200 https://registry.npmjs.org/proxy-from-env/-/proxy-from-env-1.1.0.tgz 6126ms (cache miss)
702 http fetch GET 200 https://registry.npmjs.org/pac-proxy-agent/-/pac-proxy-agent-7.2.0.tgz 6215ms (cache miss)
703 http fetch GET 200 https://registry.npmjs.org/lru-cache/-/lru-cache-7.18.3.tgz 6566ms (cache miss)
704 http fetch GET 200 https://registry.npmjs.org/source-map/-/source-map-0.6.1.tgz 6721ms (cache miss)
705 http fetch GET 200 https://registry.npmjs.org/https-proxy-agent/-/https-proxy-agent-7.0.6.tgz 6685ms (cache miss)
706 http fetch GET 200 https://registry.npmjs.org/http-proxy-agent/-/http-proxy-agent-7.0.2.tgz 6686ms (cache miss)
707 http fetch GET 200 https://registry.npmjs.org/lodash/-/lodash-4.18.1.tgz 6851ms (cache miss)
708 http fetch GET 200 https://registry.npmjs.org/tx2/-/tx2-1.0.5.tgz 6779ms (cache miss)
709 http fetch GET 200 https://registry.npmjs.org/tv4/-/tv4-1.3.0.tgz 6930ms (cache miss)
710 http fetch GET 200 https://registry.npmjs.org/run-series/-/run-series-1.1.9.tgz 7428ms (cache miss)
711 http fetch GET 200 https://registry.npmjs.org/safe-buffer/-/safe-buffer-5.2.1.tgz 7573ms (cache miss)
712 http fetch GET 200 https://registry.npmjs.org/binary-extensions/-/binary-extensions-2.3.0.tgz 7567ms (cache miss)
713 http fetch GET 200 https://registry.npmjs.org/agent-base/-/agent-base-7.1.4.tgz 7590ms (cache miss)
714 http fetch GET 200 https://registry.npmjs.org/is-extglob/-/is-extglob-2.1.1.tgz 7573ms (cache miss)
715 http fetch GET 200 https://registry.npmjs.org/to-regex-range/-/to-regex-range-5.0.1.tgz 7570ms (cache miss)
716 http fetch GET 200 https://registry.npmjs.org/follow-redirects/-/follow-redirects-1.16.0.tgz 7609ms (cache miss)
717 http fetch GET 200 https://registry.npmjs.org/ms/-/ms-2.1.3.tgz 7950ms (cache miss)
718 http fetch GET 200 https://registry.npmjs.org/supports-color/-/supports-color-7.2.0.tgz 7973ms (cache miss)
719 http fetch GET 200 https://registry.npmjs.org/color-convert/-/color-convert-2.0.1.tgz 7994ms (cache miss)
720 http fetch GET 200 https://registry.npmjs.org/fill-range/-/fill-range-7.1.1.tgz 8125ms (cache miss)
721 http fetch GET 200 https://registry.npmjs.org/ansi-styles/-/ansi-styles-4.3.0.tgz 8152ms (cache miss)
722 http fetch GET 200 https://registry.npmjs.org/systeminformation/-/systeminformation-5.31.7.tgz 8408ms (cache miss)
723 http fetch GET 200 https://registry.npmjs.org/chalk/-/chalk-3.0.0.tgz 8380ms (cache miss)
724 http fetch GET 200 https://registry.npmjs.org/argparse/-/argparse-2.0.1.tgz 8407ms (cache miss)
725 http fetch GET 200 https://registry.npmjs.org/picomatch/-/picomatch-2.3.2.tgz 8390ms (cache miss)
726 http fetch GET 200 https://registry.npmjs.org/readdirp/-/readdirp-3.6.0.tgz 8857ms (cache miss)
727 http fetch GET 200 https://registry.npmjs.org/normalize-path/-/normalize-path-3.0.0.tgz 8865ms (cache miss)
728 http fetch GET 200 https://registry.npmjs.org/glob-parent/-/glob-parent-5.1.2.tgz 8862ms (cache miss)
729 http fetch GET 200 https://registry.npmjs.org/is-glob/-/is-glob-4.0.3.tgz 8871ms (cache miss)
730 http fetch GET 200 https://registry.npmjs.org/has-flag/-/has-flag-4.0.0.tgz 8992ms (cache miss)
731 http fetch GET 200 https://registry.npmjs.org/is-number/-/is-number-7.0.0.tgz 8994ms (cache miss)
732 http fetch GET 200 https://registry.npmjs.org/is-binary-path/-/is-binary-path-2.1.0.tgz 8882ms (cache miss)
733 http fetch GET 200 https://registry.npmjs.org/smart-buffer/-/smart-buffer-4.2.0.tgz 9113ms (cache miss)
734 http fetch GET 200 https://registry.npmjs.org/socks/-/socks-2.8.9.tgz 9158ms (cache miss)
735 http fetch GET 200 https://registry.npmjs.org/braces/-/braces-3.0.3.tgz 9529ms (cache miss)
736 http fetch GET 200 https://registry.npmjs.org/ip-address/-/ip-address-10.2.0.tgz 9654ms (cache miss)
737 http fetch GET 200 https://registry.npmjs.org/ws/-/ws-8.20.0.tgz 9535ms (cache miss)
738 http fetch GET 200 https://registry.npmjs.org/anymatch/-/anymatch-3.1.3.tgz 9587ms (cache miss)
739 http fetch GET 200 https://registry.npmjs.org/vizion/-/vizion-2.2.1.tgz 9990ms (cache miss)
740 http fetch GET 200 https://registry.npmjs.org/proxy-agent/-/proxy-agent-6.5.0.tgz 10235ms (cache miss)
741 http fetch GET 200 https://registry.npmjs.org/pm2-sysmonit/-/pm2-sysmonit-1.2.8.tgz 10271ms (cache miss)
742 http fetch GET 200 https://registry.npmjs.org/semver/-/semver-7.7.2.tgz 10451ms (cache miss)
743 http fetch GET 200 https://registry.npmjs.org/pidusage/-/pidusage-2.0.21.tgz 10597ms (cache miss)
744 http fetch GET 200 https://registry.npmjs.org/pm2-deploy/-/pm2-deploy-1.0.2.tgz 10817ms (cache miss)
745 http fetch GET 200 https://registry.npmjs.org/pidusage/-/pidusage-4.0.1.tgz 11057ms (cache miss)
746 http fetch GET 200 https://registry.npmjs.org/debug/-/debug-4.4.3.tgz 11682ms (cache miss)
747 http fetch GET 200 https://registry.npmjs.org/fast-json-patch/-/fast-json-patch-3.1.1.tgz 11926ms (cache miss)
748 http fetch GET 200 https://registry.npmjs.org/eventemitter2/-/eventemitter2-6.4.9.tgz 11935ms (cache miss)
749 http fetch GET 200 https://registry.npmjs.org/croner/-/croner-4.1.97.tgz 12697ms (cache miss)
750 http fetch GET 200 https://registry.npmjs.org/async/-/async-2.6.4.tgz 12773ms (cache miss)
751 http fetch GET 200 https://registry.npmjs.org/cli-tableau/-/cli-tableau-2.0.1.tgz 12921ms (cache miss)
752 http fetch GET 200 https://registry.npmjs.org/commander/-/commander-2.15.1.tgz 12973ms (cache miss)
753 http fetch GET 200 https://registry.npmjs.org/chokidar/-/chokidar-3.6.0.tgz 13107ms (cache miss)
754 http fetch GET 200 https://registry.npmjs.org/ansis/-/ansis-4.0.0-node10.tgz 13477ms (cache miss)
755 http fetch GET 200 https://registry.npmjs.org/amp-message/-/amp-message-0.1.2.tgz 13718ms (cache miss)
756 http fetch GET 200 https://registry.npmjs.org/js-yaml/-/js-yaml-4.1.1.tgz 13949ms (cache miss)
757 http fetch GET 200 https://registry.npmjs.org/@pm2/pm2-version-check/-/pm2-version-check-1.0.4.tgz 14608ms (cache miss)
758 http fetch GET 200 https://registry.npmjs.org/@tootallnate/quickjs-emscripten/-/quickjs-emscripten-0.23.0.tgz 14858ms (cache miss)
759 http fetch GET 200 https://registry.npmjs.org/ws/-/ws-7.5.11.tgz 15157ms (cache miss)
760 http fetch GET 200 https://registry.npmjs.org/extrareqp2/-/extrareqp2-1.0.0.tgz 15234ms (cache miss)
761 http fetch GET 200 https://registry.npmjs.org/debug/-/debug-4.3.7.tgz 15253ms (cache miss)
762 http fetch GET 200 https://registry.npmjs.org/async/-/async-2.6.4.tgz 16749ms (cache miss)
763 http fetch GET 200 https://registry.npmjs.org/color-name/-/color-name-1.1.4.tgz 16748ms (cache miss)
764 http fetch GET 200 https://registry.npmjs.org/amp/-/amp-0.3.1.tgz 17388ms (cache miss)
765 http fetch GET 200 https://registry.npmjs.org/dayjs/-/dayjs-1.11.15.tgz 17552ms (cache miss)
766 http fetch GET 200 https://registry.npmjs.org/@pm2/js-api/-/js-api-0.8.0.tgz 17549ms (cache miss)
767 http fetch GET 200 https://registry.npmjs.org/@pm2/blessed/-/blessed-0.1.81.tgz 17574ms (cache miss)
768 http fetch GET 200 https://registry.npmjs.org/async/-/async-3.2.6.tgz 17684ms (cache miss)
769 silly ADD node_modules/pm2
770 silly ADD node_modules/pm2/node_modules/lodash
771 silly ADD node_modules/pm2/node_modules/pako
772 silly ADD node_modules/pm2/node_modules/git-sha1
773 silly ADD node_modules/pm2/node_modules/culvert
774 silly ADD node_modules/pm2/node_modules/bodec
775 silly ADD node_modules/pm2/node_modules/js-git
776 silly ADD node_modules/pm2/node_modules/ini
777 silly ADD node_modules/pm2/node_modules/git-node-fs
778 silly ADD node_modules/pm2/node_modules/json-stringify-safe
779 silly ADD node_modules/pm2/node_modules/is-number
780 silly ADD node_modules/pm2/node_modules/has-flag
781 silly ADD node_modules/pm2/node_modules/smart-buffer
782 silly ADD node_modules/pm2/node_modules/ip-address
783 silly ADD node_modules/pm2/node_modules/socks
784 silly ADD node_modules/pm2/node_modules/source-map
785 silly ADD node_modules/pm2/node_modules/esutils
786 silly ADD node_modules/pm2/node_modules/estraverse
787 silly ADD node_modules/pm2/node_modules/tslib
788 silly ADD node_modules/pm2/node_modules/esprima
789 silly ADD node_modules/pm2/node_modules/escodegen
790 silly ADD node_modules/pm2/node_modules/ast-types
791 silly ADD node_modules/pm2/node_modules/netmask
792 silly ADD node_modules/pm2/node_modules/degenerator
793 silly ADD node_modules/pm2/node_modules/data-uri-to-buffer
794 silly ADD node_modules/pm2/node_modules/basic-ftp
795 silly ADD node_modules/pm2/node_modules/pac-resolver
796 silly ADD node_modules/pm2/node_modules/get-uri
797 silly ADD node_modules/pm2/node_modules/@tootallnate/quickjs-emscripten
798 silly ADD node_modules/pm2/node_modules/socks-proxy-agent
799 silly ADD node_modules/pm2/node_modules/proxy-from-env
800 silly ADD node_modules/pm2/node_modules/pac-proxy-agent
801 silly ADD node_modules/pm2/node_modules/lru-cache
802 silly ADD node_modules/pm2/node_modules/https-proxy-agent
803 silly ADD node_modules/pm2/node_modules/http-proxy-agent
804 silly ADD node_modules/pm2/node_modules/agent-base
805 silly ADD node_modules/pm2/node_modules/tx2
806 silly ADD node_modules/pm2/node_modules/systeminformation
807 silly ADD node_modules/pm2/node_modules/tv4
808 silly ADD node_modules/pm2/node_modules/run-series
809 silly ADD node_modules/pm2/node_modules/safe-buffer
810 silly ADD node_modules/pm2/node_modules/argparse
811 silly ADD node_modules/pm2/node_modules/is-extglob
812 silly ADD node_modules/pm2/node_modules/binary-extensions
813 silly ADD node_modules/pm2/node_modules/to-regex-range
814 silly ADD node_modules/pm2/node_modules/follow-redirects
815 silly ADD node_modules/pm2/node_modules/ms
816 silly ADD node_modules/pm2/node_modules/color-name
817 silly ADD node_modules/pm2/node_modules/color-convert
818 silly ADD node_modules/pm2/node_modules/supports-color
819 silly ADD node_modules/pm2/node_modules/ansi-styles
820 silly ADD node_modules/pm2/node_modules/chalk
821 silly ADD node_modules/pm2/node_modules/fill-range
822 silly ADD node_modules/pm2/node_modules/picomatch
823 silly ADD node_modules/pm2/node_modules/readdirp
824 silly ADD node_modules/pm2/node_modules/normalize-path
825 silly ADD node_modules/pm2/node_modules/is-glob
826 silly ADD node_modules/pm2/node_modules/is-binary-path
827 silly ADD node_modules/pm2/node_modules/glob-parent
828 silly ADD node_modules/pm2/node_modules/braces
829 silly ADD node_modules/pm2/node_modules/anymatch
830 silly ADD node_modules/pm2/node_modules/extrareqp2
831 silly ADD node_modules/pm2/node_modules/ws
832 silly ADD node_modules/pm2/node_modules/vizion
833 silly ADD node_modules/pm2/node_modules/vizion/node_modules/async
834 silly ADD node_modules/pm2/node_modules/semver
835 silly ADD node_modules/pm2/node_modules/proxy-agent
836 silly ADD node_modules/pm2/node_modules/pm2-sysmonit
837 silly ADD node_modules/pm2/node_modules/pm2-sysmonit/node_modules/pidusage
838 silly ADD node_modules/pm2/node_modules/pm2-deploy
839 silly ADD node_modules/pm2/node_modules/pidusage
840 silly ADD node_modules/pm2/node_modules/js-yaml
841 silly ADD node_modules/pm2/node_modules/fast-json-patch
842 silly ADD node_modules/pm2/node_modules/eventemitter2
843 silly ADD node_modules/pm2/node_modules/debug
844 silly ADD node_modules/pm2/node_modules/dayjs
845 silly ADD node_modules/pm2/node_modules/croner
846 silly ADD node_modules/pm2/node_modules/commander
847 silly ADD node_modules/pm2/node_modules/cli-tableau
848 silly ADD node_modules/pm2/node_modules/chokidar
849 silly ADD node_modules/pm2/node_modules/async
850 silly ADD node_modules/pm2/node_modules/ansis
851 silly ADD node_modules/pm2/node_modules/amp-message
852 silly ADD node_modules/pm2/node_modules/amp
853 silly ADD node_modules/pm2/node_modules/@pm2/pm2-version-check
854 silly ADD node_modules/pm2/node_modules/@pm2/js-api
855 silly ADD node_modules/pm2/node_modules/@pm2/js-api/node_modules/ws
856 silly ADD node_modules/pm2/node_modules/@pm2/js-api/node_modules/debug
857 silly ADD node_modules/pm2/node_modules/@pm2/js-api/node_modules/async
858 silly ADD node_modules/pm2/node_modules/@pm2/blessed
859 verbose cwd /data/data/com.termux/files/home
860 verbose os Linux 5.4.254-android12-9-g3610580b8b22-ab2282
861 verbose node v26.3.0
862 verbose npm  v11.17.0
863 verbose exit 0
864 info ok
